[INFO] Server started successfully.
[ERROR] Connection refused.
[INFO] User logged in.
[WARN] Low memory warning.
[ERROR] File not found.

